../Core/Src/stm32f7xx_it.c:75:6:NMI_Handler	4	static
../Core/Src/stm32f7xx_it.c:90:6:HardFault_Handler	4	static
../Core/Src/stm32f7xx_it.c:105:6:MemManage_Handler	4	static
../Core/Src/stm32f7xx_it.c:120:6:BusFault_Handler	4	static
../Core/Src/stm32f7xx_it.c:135:6:UsageFault_Handler	4	static
../Core/Src/stm32f7xx_it.c:150:6:SVC_Handler	4	static
../Core/Src/stm32f7xx_it.c:163:6:DebugMon_Handler	4	static
../Core/Src/stm32f7xx_it.c:176:6:PendSV_Handler	4	static
../Core/Src/stm32f7xx_it.c:189:6:SysTick_Handler	8	static
../Core/Src/stm32f7xx_it.c:210:6:TIM1_BRK_TIM9_IRQHandler	8	static
../Core/Src/stm32f7xx_it.c:225:6:TIM1_UP_TIM10_IRQHandler	8	static
../Core/Src/stm32f7xx_it.c:239:6:TIM1_TRG_COM_TIM11_IRQHandler	8	static
../Core/Src/stm32f7xx_it.c:253:6:TIM1_CC_IRQHandler	8	static
../Core/Src/stm32f7xx_it.c:267:6:TIM3_IRQHandler	8	static
../Core/Src/stm32f7xx_it.c:281:6:TIM4_IRQHandler	8	static
../Core/Src/stm32f7xx_it.c:295:6:I2C1_EV_IRQHandler	8	static
../Core/Src/stm32f7xx_it.c:309:6:I2C1_ER_IRQHandler	8	static
../Core/Src/stm32f7xx_it.c:323:6:SPI1_IRQHandler	8	static
../Core/Src/stm32f7xx_it.c:337:6:USART3_IRQHandler	8	static
../Core/Src/stm32f7xx_it.c:351:6:EXTI15_10_IRQHandler	8	static
