23:37:34 **** Incremental Build of configuration Debug for project 01_STM ****
make -j12 all 
arm-none-eabi-gcc "../Core/Src/main.c" -mcpu=cortex-m7 -std=gnu11 -g3 -DDEBUG -DUSE_HAL_DRIVER -DSTM32F746xx -c -I../Core/Inc -I../Drivers/STM32F7xx_HAL_Driver/Inc -I../Drivers/STM32F7xx_HAL_Driver/Inc/Legacy -I../Drivers/CMSIS/Device/ST/STM32F7xx/Include -I../Drivers/CMSIS/Include -I"E:/___STUDIA/__________AKTUALNE/SM/Projekt/ws/01_STM/Components/Inc" -I../FATFS/Target -I../FATFS/App -I../Middlewares/Third_Party/FatFs/src -I../Middlewares/Third_Party/ARM_CMSIS/CMSIS/Core/Include/ -I../Middlewares/Third_Party/ARM_CMSIS/CMSIS/Core_A/Include/ -I../Middlewares/Third_Party/ARM_CMSIS/CMSIS/DSP/Include -O0 -ffunction-sections -fdata-sections -Wall -fstack-usage -fcyclomatic-complexity -MMD -MP -MF"Core/Src/main.d" -MT"Core/Src/main.o" --specs=nano.specs -mfpu=fpv5-sp-d16 -mfloat-abi=hard -mthumb -o "Core/Src/main.o"
arm-none-eabi-gcc "../Components/Src/interrupts.c" -mcpu=cortex-m7 -std=gnu11 -g3 -DDEBUG -DUSE_HAL_DRIVER -DSTM32F746xx -c -I../Core/Inc -I../Drivers/STM32F7xx_HAL_Driver/Inc -I../Drivers/STM32F7xx_HAL_Driver/Inc/Legacy -I../Drivers/CMSIS/Device/ST/STM32F7xx/Include -I../Drivers/CMSIS/Include -I"E:/___STUDIA/__________AKTUALNE/SM/Projekt/ws/01_STM/Components/Inc" -I../FATFS/Target -I../FATFS/App -I../Middlewares/Third_Party/FatFs/src -I../Middlewares/Third_Party/ARM_CMSIS/CMSIS/Core/Include/ -I../Middlewares/Third_Party/ARM_CMSIS/CMSIS/Core_A/Include/ -I../Middlewares/Third_Party/ARM_CMSIS/CMSIS/DSP/Include -O0 -ffunction-sections -fdata-sections -Wall -fstack-usage -fcyclomatic-complexity -MMD -MP -MF"Components/Src/interrupts.d" -MT"Components/Src/interrupts.o" --specs=nano.specs -mfpu=fpv5-sp-d16 -mfloat-abi=hard -mthumb -o "Components/Src/interrupts.o"
arm-none-eabi-gcc "../Components/Src/miscellaneous.c" -mcpu=cortex-m7 -std=gnu11 -g3 -DDEBUG -DUSE_HAL_DRIVER -DSTM32F746xx -c -I../Core/Inc -I../Drivers/STM32F7xx_HAL_Driver/Inc -I../Drivers/STM32F7xx_HAL_Driver/Inc/Legacy -I../Drivers/CMSIS/Device/ST/STM32F7xx/Include -I../Drivers/CMSIS/Include -I"E:/___STUDIA/__________AKTUALNE/SM/Projekt/ws/01_STM/Components/Inc" -I../FATFS/Target -I../FATFS/App -I../Middlewares/Third_Party/FatFs/src -I../Middlewares/Third_Party/ARM_CMSIS/CMSIS/Core/Include/ -I../Middlewares/Third_Party/ARM_CMSIS/CMSIS/Core_A/Include/ -I../Middlewares/Third_Party/ARM_CMSIS/CMSIS/DSP/Include -O0 -ffunction-sections -fdata-sections -Wall -fstack-usage -fcyclomatic-complexity -MMD -MP -MF"Components/Src/miscellaneous.d" -MT"Components/Src/miscellaneous.o" --specs=nano.specs -mfpu=fpv5-sp-d16 -mfloat-abi=hard -mthumb -o "Components/Src/miscellaneous.o"
arm-none-eabi-gcc -o "01_STM.elf" @"objects.list"  -larm_cortexM7lfsp_math -mcpu=cortex-m7 -T"E:\___STUDIA\__________AKTUALNE\SM\Projekt\ws\01_STM\STM32F746ZGTX_FLASH.ld" --specs=nosys.specs -Wl,-Map="01_STM.map" -Wl,--gc-sections -static -L"E:\___STUDIA\__________AKTUALNE\SM\Projekt\ws\01_STM\Lib\CMSIS_ARM" --specs=nano.specs -mfpu=fpv5-sp-d16 -mfloat-abi=hard -mthumb -u _printf_float -u _scanf_float -Wl,--start-group -lc -lm -Wl,--end-group
Finished building target: 01_STM.elf
 
arm-none-eabi-size   01_STM.elf 
arm-none-eabi-objdump -h -S  01_STM.elf  > "01_STM.list"
   text	   data	    bss	    dec	    hex	filename
  56184	    896	   4024	  61104	   eeb0	01_STM.elf
Finished building: default.size.stdout
 
Finished building: 01_STM.list
 
23:51:18 **** Incremental Build of configuration Debug for project 01_STM ****
make -j12 all 
arm-none-eabi-size   01_STM.elf 
   text	   data	    bss	    dec	    hex	filename
  56184	    896	   4024	  61104	   eeb0	01_STM.elf
Finished building: default.size.stdout
 
